###############################################################################
#
# IAR ELF Linker V8.40.1.212/W32 for ARM                  26/Jan/2024  17:48:03
# Copyright 2007-2019 IAR Systems AB.
#
#    Output file  =
#        E:\AnyID\Git\FreeRtos_Stu\FreeRtos_Stu\Debug\Exe\FreeRtos_Stu.out
#    Map file     =
#        E:\AnyID\Git\FreeRtos_Stu\FreeRtos_Stu\Debug\List\FreeRtos_Stu.map
#    Command line =
#        -f C:\Users\Administrator\AppData\Local\Temp\EW17A0.tmp
#        (E:\AnyID\Git\FreeRtos_Stu\FreeRtos_Stu\Debug\Obj\Anyid_CS1110_Reader.o
#        E:\AnyID\Git\FreeRtos_Stu\FreeRtos_Stu\Debug\Obj\Anyid_CS1110_Wight.o
#        E:\AnyID\Git\FreeRtos_Stu\FreeRtos_Stu\Debug\Obj\Anyid_CS1110_Wight_HL.o
#        E:\AnyID\Git\FreeRtos_Stu\FreeRtos_Stu\Debug\Obj\AnyID_Stdlib.o
#        E:\AnyID\Git\FreeRtos_Stu\FreeRtos_Stu\Debug\Obj\AnyID_Uart_Receive.o
#        E:\AnyID\Git\FreeRtos_Stu\FreeRtos_Stu\Debug\Obj\croutine.o
#        E:\AnyID\Git\FreeRtos_Stu\FreeRtos_Stu\Debug\Obj\event_groups.o
#        E:\AnyID\Git\FreeRtos_Stu\FreeRtos_Stu\Debug\Obj\gd32f30x_adc.o
#        E:\AnyID\Git\FreeRtos_Stu\FreeRtos_Stu\Debug\Obj\gd32f30x_bkp.o
#        E:\AnyID\Git\FreeRtos_Stu\FreeRtos_Stu\Debug\Obj\gd32f30x_can.o
#        E:\AnyID\Git\FreeRtos_Stu\FreeRtos_Stu\Debug\Obj\gd32f30x_crc.o
#        E:\AnyID\Git\FreeRtos_Stu\FreeRtos_Stu\Debug\Obj\gd32f30x_ctc.o
#        E:\AnyID\Git\FreeRtos_Stu\FreeRtos_Stu\Debug\Obj\gd32f30x_dac.o
#        E:\AnyID\Git\FreeRtos_Stu\FreeRtos_Stu\Debug\Obj\gd32f30x_dbg.o
#        E:\AnyID\Git\FreeRtos_Stu\FreeRtos_Stu\Debug\Obj\gd32f30x_dma.o
#        E:\AnyID\Git\FreeRtos_Stu\FreeRtos_Stu\Debug\Obj\gd32f30x_enet.o
#        E:\AnyID\Git\FreeRtos_Stu\FreeRtos_Stu\Debug\Obj\gd32f30x_exmc.o
#        E:\AnyID\Git\FreeRtos_Stu\FreeRtos_Stu\Debug\Obj\gd32f30x_exti.o
#        E:\AnyID\Git\FreeRtos_Stu\FreeRtos_Stu\Debug\Obj\gd32f30x_fmc.o
#        E:\AnyID\Git\FreeRtos_Stu\FreeRtos_Stu\Debug\Obj\gd32f30x_fwdgt.o
#        E:\AnyID\Git\FreeRtos_Stu\FreeRtos_Stu\Debug\Obj\gd32f30x_gpio.o
#        E:\AnyID\Git\FreeRtos_Stu\FreeRtos_Stu\Debug\Obj\gd32f30x_i2c.o
#        E:\AnyID\Git\FreeRtos_Stu\FreeRtos_Stu\Debug\Obj\gd32f30x_it.o
#        E:\AnyID\Git\FreeRtos_Stu\FreeRtos_Stu\Debug\Obj\gd32f30x_misc.o
#        E:\AnyID\Git\FreeRtos_Stu\FreeRtos_Stu\Debug\Obj\gd32f30x_pmu.o
#        E:\AnyID\Git\FreeRtos_Stu\FreeRtos_Stu\Debug\Obj\gd32f30x_rcu.o
#        E:\AnyID\Git\FreeRtos_Stu\FreeRtos_Stu\Debug\Obj\gd32f30x_rtc.o
#        E:\AnyID\Git\FreeRtos_Stu\FreeRtos_Stu\Debug\Obj\gd32f30x_sdio.o
#        E:\AnyID\Git\FreeRtos_Stu\FreeRtos_Stu\Debug\Obj\gd32f30x_spi.o
#        E:\AnyID\Git\FreeRtos_Stu\FreeRtos_Stu\Debug\Obj\gd32f30x_timer.o
#        E:\AnyID\Git\FreeRtos_Stu\FreeRtos_Stu\Debug\Obj\gd32f30x_usart.o
#        E:\AnyID\Git\FreeRtos_Stu\FreeRtos_Stu\Debug\Obj\gd32f30x_wwdgt.o
#        E:\AnyID\Git\FreeRtos_Stu\FreeRtos_Stu\Debug\Obj\heap_4.o
#        E:\AnyID\Git\FreeRtos_Stu\FreeRtos_Stu\Debug\Obj\list.o
#        E:\AnyID\Git\FreeRtos_Stu\FreeRtos_Stu\Debug\Obj\mian.o
#        E:\AnyID\Git\FreeRtos_Stu\FreeRtos_Stu\Debug\Obj\port.o
#        E:\AnyID\Git\FreeRtos_Stu\FreeRtos_Stu\Debug\Obj\portasm.o
#        E:\AnyID\Git\FreeRtos_Stu\FreeRtos_Stu\Debug\Obj\queue.o
#        E:\AnyID\Git\FreeRtos_Stu\FreeRtos_Stu\Debug\Obj\startup_gd32f30x_hd.o
#        E:\AnyID\Git\FreeRtos_Stu\FreeRtos_Stu\Debug\Obj\stream_buffer.o
#        E:\AnyID\Git\FreeRtos_Stu\FreeRtos_Stu\Debug\Obj\SysCfg.o
#        E:\AnyID\Git\FreeRtos_Stu\FreeRtos_Stu\Debug\Obj\system_gd32f30x.o
#        E:\AnyID\Git\FreeRtos_Stu\FreeRtos_Stu\Debug\Obj\tasks.o
#        E:\AnyID\Git\FreeRtos_Stu\FreeRtos_Stu\Debug\Obj\timers.o
#        E:\AnyID\Git\FreeRtos_Stu\FreeRtos_Stu\Debug\Obj\Uart2.o
#        E:\AnyID\Git\FreeRtos_Stu\FreeRtos_Stu\Debug\Obj\Uart2_HL.o
#        --no_out_extension -o
#        E:\AnyID\Git\FreeRtos_Stu\FreeRtos_Stu\Debug\Exe\FreeRtos_Stu.out
#        --map
#        E:\AnyID\Git\FreeRtos_Stu\FreeRtos_Stu\Debug\List\FreeRtos_Stu.map
#        --config "C:\Program Files (x86)\IAR Systems\Embedded Workbench
#        8.3\arm\config\linker\GD\GD32F303xC.icf" --semihosting --entry
#        __iar_program_start --vfe --text_out locale)
#
###############################################################################

*******************************************************************************
*** RUNTIME MODEL ATTRIBUTES
***

CppFlavor       = *
__SystemLibrary = DLib
__dlib_version  = 6


*******************************************************************************
*** HEAP SELECTION
***

The basic heap was selected because no calls to memory allocation
functions were found in the application outside of system library
functions, and there are calls to deallocation functions in the
application.


*******************************************************************************
*** PLACEMENT SUMMARY
***

"A0":  place at address 0x800'0000 { ro section .intvec };
"P1":  place in [from 0x800'0000 to 0x803'ffff] { ro };
define block CSTACK with size = 8K, alignment = 8 { };
define block HEAP with size = 8K, alignment = 8 { };
"P2":  place in [from 0x2000'0000 to 0x2000'bfff] {
          rw, block CSTACK, block HEAP };
initialize by copy { rw };

  Section            Kind         Address    Size  Object
  -------            ----         -------    ----  ------
"A0":                                       0x130
  .intvec            ro code   0x800'0000   0x130  startup_gd32f30x_hd.o [1]
                             - 0x800'0130   0x130

"P1", part 1 of 2:                         0x2bb0
  .text              ro code   0x800'0130   0xb88  tasks.o [1]
  .text              ro code   0x800'0cb8   0x264  heap_4.o [1]
  .text              ro code   0x800'0f1c    0x66  ABImemset.o [4]
  .text              ro code   0x800'0f82    0x82  list.o [1]
  .text              ro code   0x800'1004   0x204  port.o [1]
  .text              ro code   0x800'1208   0x378  timers.o [1]
  CODE               ro code   0x800'1580    0xb4  portasm.o [1]
  .text              ro code   0x800'1634   0x5a0  queue.o [1]
  .text              ro code   0x800'1bd4    0xa6  ABImemcpy.o [4]
  .text              ro code   0x800'1c7a    0x3a  zero_init3.o [4]
  .text              ro code   0x800'1cb4   0x43c  gd32f30x_dma.o [1]
  .text              ro code   0x800'20f0   0x320  gd32f30x_usart.o [1]
  .text              ro code   0x800'2410   0x1f4  gd32f30x_rcu.o [1]
  .text              ro code   0x800'2604   0x25e  Anyid_CS1110_Reader.o [1]
  .text              ro code   0x800'2862    0x2e  copy_init3.o [4]
  .text              ro code   0x800'2890    0x48  AnyID_Stdlib.o [1]
  .text              ro code   0x800'28d8   0x224  Anyid_CS1110_Wight_HL.o [1]
  .text              ro code   0x800'2afc    0xfc  gd32f30x_gpio.o [1]
  .text              ro code   0x800'2bf8    0xe8  gd32f30x_misc.o [1]
                             - 0x800'2ce0  0x2bb0

Absolute sections:                           0x32
  .rodata            const     0x800'5000    0x32  Anyid_CS1110_Reader.o [1]
                             - 0x800'5032    0x32

"P1", part 2 of 2:                          0x9f0
  .text              ro code   0x800'5034   0x224  SysCfg.o [1]
  .text              ro code   0x800'5258    0x20  Uart2.o [1]
  .text              ro code   0x800'5278    0x44  Anyid_CS1110_Wight.o [1]
  .text              ro code   0x800'52bc   0x1f8  Uart2_HL.o [1]
  .text              ro code   0x800'54b4   0x170  system_gd32f30x.o [1]
  .text              ro code   0x800'5624    0xfc  gd32f30x_it.o [1]
  .text              ro code   0x800'5720    0x74  mian.o [1]
  .text              ro code   0x800'5794    0x28  data_init.o [4]
  .text              ro code   0x800'57bc    0x22  fpinit_M.o [3]
  .iar.init_table    const     0x800'57e0    0x24  - Linker created -
  .text              ro code   0x800'5804    0x1e  cmain.o [4]
  .text              ro code   0x800'5822     0x4  low_level_init.o [2]
  .text              ro code   0x800'5826     0x4  exit.o [2]
  .text              ro code   0x800'582c     0xa  cexit.o [4]
  .text              ro code   0x800'5838    0x14  exit.o [5]
  Initializer bytes  const     0x800'584c    0x14  <for P2-1>
  .rodata            const     0x800'5860    0x10  gd32f30x_rcu.o [1]
  .rodata            const     0x800'5870    0x10  mian.o [1]
  .rodata            const     0x800'5880    0x10  mian.o [1]
  .text              ro code   0x800'5890    0x10  startup_gd32f30x_hd.o [1]
  .rodata            const     0x800'58a0     0xc  mian.o [1]
  .text              ro code   0x800'58ac     0xc  cstartup_M.o [4]
  .rodata            const     0x800'58b8     0x8  Anyid_CS1110_Wight_HL.o [1]
  .rodata            const     0x800'58c0     0x8  Anyid_CS1110_Wight_HL.o [1]
  .rodata            const     0x800'58c8     0x8  Anyid_CS1110_Wight_HL.o [1]
  .rodata            const     0x800'58d0     0x8  gd32f30x_rcu.o [1]
  .rodata            const     0x800'58d8     0x8  gd32f30x_rcu.o [1]
  .rodata            const     0x800'58e0     0x8  SysCfg.o [1]
  .rodata            const     0x800'58e8     0x8  SysCfg.o [1]
  .rodata            const     0x800'58f0     0x8  SysCfg.o [1]
  .rodata            const     0x800'58f8     0x8  SysCfg.o [1]
  .rodata            const     0x800'5900     0x8  SysCfg.o [1]
  .rodata            const     0x800'5908     0x8  tasks.o [1]
  .rodata            const     0x800'5910     0x8  timers.o [1]
  .rodata            const     0x800'5918     0x8  timers.o [1]
  .rodata            const     0x800'5920     0x8  Uart2_HL.o [1]
  .rodata            const     0x800'5928     0x8  Uart2_HL.o [1]
  .rodata            const     0x800'5930     0x8  Uart2_HL.o [1]
  .rodata            const     0x800'5938     0x4  heap_4.o [1]
  .rodata            const     0x800'593c     0x4  SysCfg.o [1]
  .text              ro code   0x800'5940     0x4  startup_gd32f30x_hd.o [1]
  .text              ro code   0x800'5944     0x4  startup_gd32f30x_hd.o [1]
  .text              ro code   0x800'5948     0x4  startup_gd32f30x_hd.o [1]
  .text              ro code   0x800'594c     0x4  startup_gd32f30x_hd.o [1]
  .text              ro code   0x800'5950     0x4  startup_gd32f30x_hd.o [1]
  .text              ro code   0x800'5954     0x4  startup_gd32f30x_hd.o [1]
  .text              ro code   0x800'5958     0x4  startup_gd32f30x_hd.o [1]
  .text              ro code   0x800'595c     0x4  startup_gd32f30x_hd.o [1]
  .text              ro code   0x800'5960     0x4  startup_gd32f30x_hd.o [1]
  .text              ro code   0x800'5964     0x4  startup_gd32f30x_hd.o [1]
  .text              ro code   0x800'5968     0x4  startup_gd32f30x_hd.o [1]
  .text              ro code   0x800'596c     0x4  startup_gd32f30x_hd.o [1]
  .text              ro code   0x800'5970     0x4  startup_gd32f30x_hd.o [1]
  .text              ro code   0x800'5974     0x4  startup_gd32f30x_hd.o [1]
  .text              ro code   0x800'5978     0x4  startup_gd32f30x_hd.o [1]
  .text              ro code   0x800'597c     0x4  startup_gd32f30x_hd.o [1]
  .text              ro code   0x800'5980     0x4  startup_gd32f30x_hd.o [1]
  .text              ro code   0x800'5984     0x4  startup_gd32f30x_hd.o [1]
  .text              ro code   0x800'5988     0x4  startup_gd32f30x_hd.o [1]
  .text              ro code   0x800'598c     0x4  startup_gd32f30x_hd.o [1]
  .text              ro code   0x800'5990     0x4  startup_gd32f30x_hd.o [1]
  .text              ro code   0x800'5994     0x4  startup_gd32f30x_hd.o [1]
  .text              ro code   0x800'5998     0x4  startup_gd32f30x_hd.o [1]
  .text              ro code   0x800'599c     0x4  startup_gd32f30x_hd.o [1]
  .text              ro code   0x800'59a0     0x4  startup_gd32f30x_hd.o [1]
  .text              ro code   0x800'59a4     0x4  startup_gd32f30x_hd.o [1]
  .text              ro code   0x800'59a8     0x4  startup_gd32f30x_hd.o [1]
  .text              ro code   0x800'59ac     0x4  startup_gd32f30x_hd.o [1]
  .text              ro code   0x800'59b0     0x4  startup_gd32f30x_hd.o [1]
  .text              ro code   0x800'59b4     0x4  startup_gd32f30x_hd.o [1]
  .text              ro code   0x800'59b8     0x4  startup_gd32f30x_hd.o [1]
  .text              ro code   0x800'59bc     0x4  startup_gd32f30x_hd.o [1]
  .text              ro code   0x800'59c0     0x4  startup_gd32f30x_hd.o [1]
  .text              ro code   0x800'59c4     0x4  startup_gd32f30x_hd.o [1]
  .text              ro code   0x800'59c8     0x4  startup_gd32f30x_hd.o [1]
  .text              ro code   0x800'59cc     0x4  startup_gd32f30x_hd.o [1]
  .text              ro code   0x800'59d0     0x4  startup_gd32f30x_hd.o [1]
  .text              ro code   0x800'59d4     0x4  startup_gd32f30x_hd.o [1]
  .text              ro code   0x800'59d8     0x4  startup_gd32f30x_hd.o [1]
  .text              ro code   0x800'59dc     0x4  startup_gd32f30x_hd.o [1]
  .text              ro code   0x800'59e0     0x4  startup_gd32f30x_hd.o [1]
  .text              ro code   0x800'59e4     0x4  startup_gd32f30x_hd.o [1]
  .text              ro code   0x800'59e8     0x4  startup_gd32f30x_hd.o [1]
  .text              ro code   0x800'59ec     0x4  startup_gd32f30x_hd.o [1]
  .text              ro code   0x800'59f0     0x4  startup_gd32f30x_hd.o [1]
  .text              ro code   0x800'59f4     0x4  startup_gd32f30x_hd.o [1]
  .text              ro code   0x800'59f8     0x4  startup_gd32f30x_hd.o [1]
  .text              ro code   0x800'59fc     0x4  startup_gd32f30x_hd.o [1]
  .text              ro code   0x800'5a00     0x4  startup_gd32f30x_hd.o [1]
  .text              ro code   0x800'5a04     0x4  startup_gd32f30x_hd.o [1]
  .text              ro code   0x800'5a08     0x4  startup_gd32f30x_hd.o [1]
  .text              ro code   0x800'5a0c     0x4  startup_gd32f30x_hd.o [1]
  .text              ro code   0x800'5a10     0x4  startup_gd32f30x_hd.o [1]
  .text              ro code   0x800'5a14     0x4  startup_gd32f30x_hd.o [1]
  .text              ro code   0x800'5a18     0x4  startup_gd32f30x_hd.o [1]
  .text              ro code   0x800'5a1c     0x4  startup_gd32f30x_hd.o [1]
  .text              ro code   0x800'5a20     0x4  startup_gd32f30x_hd.o [1]
  .rodata            const     0x800'5a24     0x0  zero_init3.o [4]
  .rodata            const     0x800'5a24     0x0  copy_init3.o [4]
                             - 0x800'5a24   0x9f0

"P2", part 1 of 3:                           0x14
  P2-1                        0x2000'0000    0x14  <Init block>
    .data            inited   0x2000'0000     0x4  port.o [1]
    .data            inited   0x2000'0004     0x8  SysCfg.o [1]
    .data            inited   0x2000'000c     0x4  system_gd32f30x.o [1]
    .data            inited   0x2000'0010     0x4  tasks.o [1]
                            - 0x2000'0014    0x14

"P2", part 2 of 3:                         0x9570
  .bss               zero     0x2000'0014  0x7800  heap_4.o [1]
  .bss               zero     0x2000'7814   0xa2c  Anyid_CS1110_Reader.o [1]
  .bss               zero     0x2000'8240   0x568  Anyid_CS1110_Wight.o [1]
  .bss               zero     0x2000'87a8   0x50c  Uart2.o [1]
  .bss               zero     0x2000'8cb4   0x50c  Uart2.o [1]
  .bss               zero     0x2000'91c0   0x20c  Anyid_CS1110_Wight.o [1]
  .bss               zero     0x2000'93cc    0x64  tasks.o [1]
  .bss               zero     0x2000'9430    0x40  queue.o [1]
  .bss               zero     0x2000'9470    0x14  tasks.o [1]
  .bss               zero     0x2000'9484    0x14  tasks.o [1]
  .bss               zero     0x2000'9498    0x14  tasks.o [1]
  .bss               zero     0x2000'94ac    0x14  tasks.o [1]
  .bss               zero     0x2000'94c0    0x14  tasks.o [1]
  .bss               zero     0x2000'94d4    0x14  timers.o [1]
  .bss               zero     0x2000'94e8    0x14  timers.o [1]
  .bss               zero     0x2000'94fc     0x8  heap_4.o [1]
  .bss               zero     0x2000'9504     0x4  heap_4.o [1]
  .bss               zero     0x2000'9508     0x4  heap_4.o [1]
  .bss               zero     0x2000'950c     0x4  heap_4.o [1]
  .bss               zero     0x2000'9510     0x4  heap_4.o [1]
  .bss               zero     0x2000'9514     0x4  heap_4.o [1]
  .bss               zero     0x2000'9518     0x4  port.o [1]
  .bss               zero     0x2000'951c     0x4  SysCfg.o [1]
  .bss               zero     0x2000'9520     0x4  SysCfg.o [1]
  .bss               zero     0x2000'9524     0x4  SysCfg.o [1]
  .bss               zero     0x2000'9528     0x4  SysCfg.o [1]
  .bss               zero     0x2000'952c     0x4  SysCfg.o [1]
  .bss               zero     0x2000'9530     0x4  tasks.o [1]
  .bss               zero     0x2000'9534     0x4  tasks.o [1]
  .bss               zero     0x2000'9538     0x4  tasks.o [1]
  .bss               zero     0x2000'953c     0x4  tasks.o [1]
  .bss               zero     0x2000'9540     0x4  tasks.o [1]
  .bss               zero     0x2000'9544     0x4  tasks.o [1]
  .bss               zero     0x2000'9548     0x4  tasks.o [1]
  .bss               zero     0x2000'954c     0x4  tasks.o [1]
  .bss               zero     0x2000'9550     0x4  tasks.o [1]
  .bss               zero     0x2000'9554     0x4  tasks.o [1]
  .bss               zero     0x2000'9558     0x4  tasks.o [1]
  .bss               zero     0x2000'955c     0x4  tasks.o [1]
  .bss               zero     0x2000'9560     0x4  tasks.o [1]
  .bss               zero     0x2000'9564     0x4  tasks.o [1]
  .bss               zero     0x2000'9568     0x4  tasks.o [1]
  .bss               zero     0x2000'956c     0x4  timers.o [1]
  .bss               zero     0x2000'9570     0x4  timers.o [1]
  .bss               zero     0x2000'9574     0x4  timers.o [1]
  .bss               zero     0x2000'9578     0x4  timers.o [1]
  .bss               zero     0x2000'957c     0x4  timers.o [1]
  .bss               zero     0x2000'9580     0x1  port.o [1]
                            - 0x2000'9581  0x956d

"P2", part 3 of 3:                         0x2000
  CSTACK                      0x2000'9588  0x2000  <Block>
    CSTACK           uninit   0x2000'9588  0x2000  <Block tail>
                            - 0x2000'b588  0x2000

Unused ranges:

         From           To      Size
         ----           --      ----
   0x800'2ce0   0x800'4fff    0x2320
   0x800'5032   0x800'5033       0x2
   0x800'5a24   0x803'ffff  0x3'a5dc
  0x2000'9584  0x2000'9587       0x4
  0x2000'b588  0x2000'bfff     0xa78


*******************************************************************************
*** INIT TABLE
***

          Address      Size
          -------      ----
Zero (__iar_zero_init3)
    1 destination range, total size 0x956d:
          0x2000'0014  0x956d

Copy (__iar_copy_init3)
    1 source range, total size 0x14:
           0x800'584c    0x14
    1 destination range, total size 0x14:
          0x2000'0000    0x14



*******************************************************************************
*** MODULE SUMMARY
***

    Module                   ro code  ro data  rw data  ro data
                                                         (abs)
    ------                   -------  -------  -------  -------
command line/config:
    -----------------------------------------------------------
    Total:

E:\AnyID\Git\FreeRtos_Stu\FreeRtos_Stu\Debug\Obj: [1]
    AnyID_Stdlib.o                72
    Anyid_CS1110_Reader.o        606             2'604       50
    Anyid_CS1110_Wight.o          68             1'908
    Anyid_CS1110_Wight_HL.o      548       24
    SysCfg.o                     548       52       28
    Uart2.o                       32             2'584
    Uart2_HL.o                   504       24
    gd32f30x_dma.o             1'084
    gd32f30x_gpio.o              252
    gd32f30x_it.o                252
    gd32f30x_misc.o              232
    gd32f30x_rcu.o               500       32
    gd32f30x_usart.o             800
    heap_4.o                     612        4   30'748
    list.o                       130
    mian.o                       116       44
    port.o                       516        4        9
    portasm.o                    180
    queue.o                    1'440                64
    startup_gd32f30x_hd.o        548
    system_gd32f30x.o            368        4        4
    tasks.o                    2'952       12      264
    timers.o                     888       16       60
    -----------------------------------------------------------
    Total:                    13'248      216   38'273       50

dl7M_tln.a: [2]
    exit.o                         4
    low_level_init.o               4
    -----------------------------------------------------------
    Total:                         8

m7M_tls.a: [3]
    fpinit_M.o                    34
    -----------------------------------------------------------
    Total:                        34

rt7M_tl.a: [4]
    ABImemcpy.o                  166
    ABImemset.o                  102
    cexit.o                       10
    cmain.o                       30
    copy_init3.o                  46
    cstartup_M.o                  12
    data_init.o                   40
    zero_init3.o                  58
    -----------------------------------------------------------
    Total:                       464

shb_l.a: [5]
    exit.o                        20
    -----------------------------------------------------------
    Total:                        20

    Gaps                           4        2
    Linker created                         36    8'192
---------------------------------------------------------------
    Grand Total:              13'778      254   46'465       50


*******************************************************************************
*** ENTRY LIST
***

Entry                       Address    Size  Type      Object
-----                       -------    ----  ----      ------
.iar.init_table$$Base    0x800'57e0           --   Gb  - Linker created -
.iar.init_table$$Limit   0x800'5804           --   Gb  - Linker created -
?main                    0x800'5805          Code  Gb  cmain.o [4]
BusFault_Handler         0x800'562b     0x2  Code  Gb  gd32f30x_it.o [1]
CSTACK$$Base            0x2000'9588           --   Gb  - Linker created -
CSTACK$$Limit           0x2000'b588           --   Gb  - Linker created -
DMA0_Channel6_IRQHandler
                         0x800'56d5    0x2e  Code  Gb  gd32f30x_it.o [1]
DebugMon_Handler         0x800'562f     0x2  Code  Gb  gd32f30x_it.o [1]
Device_ResponseFrame     0x800'26f5   0x16e  Code  Gb  Anyid_CS1110_Reader.o [1]
HardFault_Handler        0x800'5627     0x2  Code  Gb  gd32f30x_it.o [1]
IO_LED_CTL               0x800'58e8     0x8  Data  Gb  SysCfg.o [1]
MemManage_Handler        0x800'5629     0x2  Code  Gb  gd32f30x_it.o [1]
NMI_Handler              0x800'5625     0x2  Code  Gb  gd32f30x_it.o [1]
PendSV_Handler           0x800'1581          Code  Gb  portasm.o [1]
READER_VERSION           0x800'5000    0x32  Data  Gb  Anyid_CS1110_Reader.o [1]
Reader_ProcessUartFrames
                         0x800'2605    0xe6  Code  Gb  Anyid_CS1110_Reader.o [1]
Region$$Table$$Base      0x800'57e0           --   Gb  - Linker created -
Region$$Table$$Limit     0x800'5804           --   Gb  - Linker created -
SVC_Handler              0x800'15dd          Code  Gb  portasm.o [1]
SYS_LED_BLUE             0x800'58f8     0x8  Data  Gb  SysCfg.o [1]
SYS_LED_GREEN            0x800'5900     0x8  Data  Gb  SysCfg.o [1]
SYS_LED_RED              0x800'58f0     0x8  Data  Gb  SysCfg.o [1]
SYS_RUN_LED              0x800'58e0     0x8  Data  Gb  SysCfg.o [1]
SysIsrTask              0x2000'9524     0x4  Data  Gb  SysCfg.o [1]
SysTaskUart2            0x2000'9520     0x4  Data  Gb  SysCfg.o [1]
SysTick_Handler          0x800'1185    0x28  Code  Gb  port.o [1]
SysWightTask            0x2000'952c     0x4  Data  Gb  SysCfg.o [1]
Sys_CtrlIOInit           0x800'5089    0x4a  Code  Gb  SysCfg.o [1]
Sys_Init                 0x800'50d3    0x3a  Code  Gb  SysCfg.o [1]
Sys_IsrTask              0x800'51d3    0x36  Code  Gb  SysCfg.o [1]
Sys_Uart2Task            0x800'510d    0xc6  Code  Gb  SysCfg.o [1]
Sys_WightTask            0x800'5209    0x14  Code  Gb  SysCfg.o [1]
SystemCoreClock         0x2000'000c     0x4  Data  Gb  system_gd32f30x.o [1]
SystemInit               0x800'54b5    0x82  Code  Gb  system_gd32f30x.o [1]
USART1_CTRL              0x800'58c8     0x8  Data  Gb  Anyid_CS1110_Wight_HL.o [1]
USART1_IRQHandler        0x800'567f    0x56  Code  Gb  gd32f30x_it.o [1]
USART1_RX                0x800'58c0     0x8  Data  Gb  Anyid_CS1110_Wight_HL.o [1]
USART1_TX                0x800'58b8     0x8  Data  Gb  Anyid_CS1110_Wight_HL.o [1]
USART2_IRQHandler        0x800'5631    0x4e  Code  Gb  gd32f30x_it.o [1]
USART_PORT_CTRL          0x800'5930     0x8  Data  Gb  Uart2_HL.o [1]
USART_PORT_RX            0x800'5928     0x8  Data  Gb  Uart2_HL.o [1]
USART_PORT_TX            0x800'5920     0x8  Data  Gb  Uart2_HL.o [1]
UsageFault_Handler       0x800'562d     0x2  Code  Gb  gd32f30x_it.o [1]
Usart_DmaRxInit          0x800'53d5    0x74  Code  Gb  Uart2_HL.o [1]
Usart_DmaTxInit          0x800'536f    0x66  Code  Gb  Uart2_HL.o [1]
Usart_EnableTx           0x800'5449    0x50  Code  Gb  Uart2_HL.o [1]
Usart_Init               0x800'5259    0x20  Code  Gb  Uart2.o [1]
Usart_InitInterface      0x800'52bd    0xb2  Code  Gb  Uart2_HL.o [1]
Wight_Delayms            0x800'28d9    0x12  Code  Gb  Anyid_CS1110_Wight_HL.o [1]
Wight_DmaRxInit          0x800'2a23    0x74  Code  Gb  Anyid_CS1110_Wight_HL.o [1]
Wight_DmaTxInit          0x800'299f    0x84  Code  Gb  Anyid_CS1110_Wight_HL.o [1]
Wight_EnableDmaTx        0x800'2a97    0x4c  Code  Gb  Anyid_CS1110_Wight_HL.o [1]
Wight_Init               0x800'5279    0x3c  Code  Gb  Anyid_CS1110_Wight.o [1]
Wight_InitInterface      0x800'28eb    0xb4  Code  Gb  Anyid_CS1110_Wight_HL.o [1]
__ICFEDIT_region_RAM_end__ {Abs}
                        0x2000'bfff          Data  Gb  <internal module>
__ICFEDIT_region_RAM_start__ {Abs}
                        0x2000'0000          Data  Gb  <internal module>
__aeabi_memcpy           0x800'1bd5          Code  Gb  ABImemcpy.o [4]
__aeabi_memcpy4          0x800'1bf5          Code  Gb  ABImemcpy.o [4]
__aeabi_memcpy8          0x800'1bf5          Code  Gb  ABImemcpy.o [4]
__aeabi_memset           0x800'0f1d          Code  Gb  ABImemset.o [4]
__cmain                  0x800'5805          Code  Gb  cmain.o [4]
__exit                   0x800'5839    0x14  Code  Gb  exit.o [5]
__iar_Memset             0x800'0f1d          Code  Gb  ABImemset.o [4]
__iar_Memset_word        0x800'0f25          Code  Gb  ABImemset.o [4]
__iar_copy_init3         0x800'2863    0x2e  Code  Gb  copy_init3.o [4]
__iar_data_init3         0x800'5795    0x28  Code  Gb  data_init.o [4]
__iar_init_vfp           0x800'57bd          Code  Gb  fpinit_M.o [3]
__iar_program_start      0x800'58ad          Code  Gb  cstartup_M.o [4]
__iar_zero_init3         0x800'1c7b    0x3a  Code  Gb  zero_init3.o [4]
__low_level_init         0x800'5823     0x4  Code  Gb  low_level_init.o [2]
__vector_table           0x800'0000          Data  Gb  startup_gd32f30x_hd.o [1]
_call_main               0x800'5811          Code  Gb  cmain.o [4]
_exit                    0x800'582d          Code  Gb  cexit.o [4]
_main                    0x800'581f          Code  Gb  cmain.o [4]
a_GetCrc                 0x800'2891    0x48  Code  Gb  AnyID_Stdlib.o [1]
dma_channel_disable      0x800'1f33    0x36  Code  Gb  gd32f30x_dma.o [1]
dma_channel_enable       0x800'1efd    0x36  Code  Gb  gd32f30x_dma.o [1]
dma_circulation_disable
                         0x800'1e91    0x36  Code  Gb  gd32f30x_dma.o [1]
dma_deinit               0x800'1cb5    0x80  Code  Gb  gd32f30x_dma.o [1]
dma_flag_clear           0x800'1fdf    0x18  Code  Gb  gd32f30x_dma.o [1]
dma_init                 0x800'1d61   0x130  Code  Gb  gd32f30x_dma.o [1]
dma_interrupt_enable     0x800'209b    0x36  Code  Gb  gd32f30x_dma.o [1]
dma_interrupt_flag_clear
                         0x800'2083    0x18  Code  Gb  gd32f30x_dma.o [1]
dma_interrupt_flag_get   0x800'1ff7    0x8c  Code  Gb  gd32f30x_dma.o [1]
dma_memory_address_config
                         0x800'1f69    0x28  Code  Gb  gd32f30x_dma.o [1]
dma_memory_to_memory_disable
                         0x800'1ec7    0x36  Code  Gb  gd32f30x_dma.o [1]
dma_periph_and_channel_check
                         0x800'20d1    0x1a  Code  Lc  gd32f30x_dma.o [1]
dma_struct_para_init     0x800'1d35    0x2c  Code  Gb  gd32f30x_dma.o [1]
dma_transfer_number_config
                         0x800'1f91    0x2a  Code  Gb  gd32f30x_dma.o [1]
dma_transfer_number_get
                         0x800'1fbb    0x24  Code  Gb  gd32f30x_dma.o [1]
exit                     0x800'5827     0x4  Code  Gb  exit.o [2]
g_aGetWigValue          0x2000'0004     0x8  Data  Gb  SysCfg.o [1]
g_nClock                0x2000'951c     0x4  Data  Gb  SysCfg.o [1]
g_nSysTick              0x2000'9528     0x4  Data  Gb  SysCfg.o [1]
g_sDeviceRspFrame       0x2000'7814   0xa2c  Data  Gb  Anyid_CS1110_Reader.o [1]
g_sGpbInfo              0x2000'8240   0x568  Data  Gb  Anyid_CS1110_Wight.o [1]
g_sUsartRcvFrame        0x2000'87a8   0x50c  Data  Gb  Uart2.o [1]
g_sUsartRcvTempFrame    0x2000'8cb4   0x50c  Data  Gb  Uart2.o [1]
g_sWightFrame           0x2000'91c0   0x20c  Data  Gb  Anyid_CS1110_Wight.o [1]
gpio_init                0x800'2afd    0xfc  Code  Gb  gd32f30x_gpio.o [1]
main                     0x800'5721    0x74  Code  Gb  mian.o [1]
nvic_irq_enable          0x800'2c03    0xcc  Code  Gb  gd32f30x_misc.o [1]
nvic_priority_group_set
                         0x800'2bf9     0xa  Code  Gb  gd32f30x_misc.o [1]
prvAddCurrentTaskToDelayedList
                         0x800'0be5    0xa6  Code  Lc  tasks.o [1]
prvAddNewTaskToReadyList
                         0x800'028f    0xc0  Code  Lc  tasks.o [1]
prvCheckForValidListAndQueue
                         0x800'1511    0x46  Code  Lc  timers.o [1]
prvCheckTasksWaitingTermination
                         0x800'0a45    0x3e  Code  Lc  tasks.o [1]
prvCopyDataFromQueue     0x800'19b1    0x36  Code  Lc  queue.o [1]
prvCopyDataToQueue       0x800'1915    0x9c  Code  Lc  queue.o [1]
prvDeleteTCB             0x800'0a89    0x12  Code  Lc  tasks.o [1]
prvGetNextExpireTime     0x800'1341    0x26  Code  Lc  timers.o [1]
prvHeapInit              0x800'0e43    0x5a  Code  Lc  heap_4.o [1]
prvIdleTask              0x800'09c9    0x24  Code  Lc  tasks.o [1]
prvInitialiseNewQueue    0x800'176b    0x3c  Code  Lc  queue.o [1]
prvInitialiseNewTask     0x800'01af    0xe0  Code  Lc  tasks.o [1]
prvInitialiseTaskLists   0x800'09f1    0x54  Code  Lc  tasks.o [1]
prvInsertBlockIntoFreeList
                         0x800'0e9d    0x5e  Code  Lc  heap_4.o [1]
prvInsertTimerInActiveList
                         0x800'138d    0x50  Code  Lc  timers.o [1]
prvIsQueueEmpty          0x800'1a6f    0x1c  Code  Lc  queue.o [1]
prvNotifyQueueSetContainer
                         0x800'1b35    0xa0  Code  Lc  queue.o [1]
prvProcessExpiredTimer   0x800'1279    0x3c  Code  Lc  timers.o [1]
prvProcessReceivedCommands
                         0x800'13dd   0x108  Code  Lc  timers.o [1]
prvProcessTimerOrBlockTask
                         0x800'12d3    0x6e  Code  Lc  timers.o [1]
prvReloadTimer           0x800'1251    0x28  Code  Lc  timers.o [1]
prvResetNextTaskUnblockTime
                         0x800'0a9b    0x22  Code  Lc  tasks.o [1]
prvSampleTimeNow         0x800'1367    0x26  Code  Lc  timers.o [1]
prvSampleTimeNow::xLastTime
                        0x2000'957c     0x4  Data  Lc  timers.o [1]
prvSwitchTimerLists      0x800'14e5    0x2c  Code  Lc  timers.o [1]
prvTaskExitError         0x800'102d    0x2a  Code  Lc  port.o [1]
prvTimerTask             0x800'12b9    0x1a  Code  Lc  timers.o [1]
prvUnlockQueue           0x800'19e7    0x88  Code  Lc  queue.o [1]
pvPortMalloc             0x800'0cb9   0x114  Code  Gb  heap_4.o [1]
pxCurrentTCB            0x2000'9530     0x4  Data  Gb  tasks.o [1]
pxCurrentTimerList      0x2000'956c     0x4  Data  Lc  timers.o [1]
pxDelayedTaskList       0x2000'9534     0x4  Data  Lc  tasks.o [1]
pxEnd                   0x2000'9504     0x4  Data  Lc  heap_4.o [1]
pxOverflowDelayedTaskList
                        0x2000'9538     0x4  Data  Lc  tasks.o [1]
pxOverflowTimerList     0x2000'9570     0x4  Data  Lc  timers.o [1]
pxPortInitialiseStack    0x800'1005    0x28  Code  Gb  port.o [1]
pxReadyTasksLists       0x2000'93cc    0x64  Data  Lc  tasks.o [1]
rcu_clock_freq_get       0x800'2489   0x154  Code  Gb  gd32f30x_rcu.o [1]
rcu_config               0x800'5035    0x54  Code  Gb  SysCfg.o [1]
rcu_periph_clock_enable
                         0x800'2411    0x28  Code  Gb  gd32f30x_rcu.o [1]
rcu_periph_reset_disable
                         0x800'2461    0x28  Code  Gb  gd32f30x_rcu.o [1]
rcu_periph_reset_enable
                         0x800'2439    0x28  Code  Gb  gd32f30x_rcu.o [1]
system_clock_120m_hxtal
                         0x800'553f    0xba  Code  Lc  system_gd32f30x.o [1]
system_clock_config      0x800'5537     0x8  Code  Lc  system_gd32f30x.o [1]
ucHeap                  0x2000'0014  0x7800  Data  Lc  heap_4.o [1]
ucMaxSysCallPriority    0x2000'9580     0x1  Data  Lc  port.o [1]
ulMaxPRIGROUPValue      0x2000'9518     0x4  Data  Lc  port.o [1]
usart_baudrate_set       0x800'2171    0x8a  Code  Gb  gd32f30x_usart.o [1]
usart_data_receive       0x800'22cb     0xa  Code  Gb  gd32f30x_usart.o [1]
usart_deinit             0x800'20f1    0x80  Code  Gb  gd32f30x_usart.o [1]
usart_dma_receive_config
                         0x800'231d    0x28  Code  Gb  gd32f30x_usart.o [1]
usart_dma_transmit_config
                         0x800'2345    0x28  Code  Gb  gd32f30x_usart.o [1]
usart_enable             0x800'2271    0x12  Code  Gb  gd32f30x_usart.o [1]
usart_flag_clear         0x800'238d    0x1c  Code  Gb  gd32f30x_usart.o [1]
usart_flag_get           0x800'236d    0x20  Code  Gb  gd32f30x_usart.o [1]
usart_hardware_flow_cts_config
                         0x800'22f9    0x24  Code  Gb  gd32f30x_usart.o [1]
usart_hardware_flow_rts_config
                         0x800'22d5    0x24  Code  Gb  gd32f30x_usart.o [1]
usart_interrupt_enable   0x800'23a9    0x28  Code  Gb  gd32f30x_usart.o [1]
usart_interrupt_flag_get
                         0x800'23d1    0x40  Code  Gb  gd32f30x_usart.o [1]
usart_parity_config      0x800'2211    0x20  Code  Gb  gd32f30x_usart.o [1]
usart_receive_config     0x800'22a7    0x24  Code  Gb  gd32f30x_usart.o [1]
usart_stop_bit_set       0x800'2251    0x20  Code  Gb  gd32f30x_usart.o [1]
usart_transmit_config    0x800'2283    0x24  Code  Gb  gd32f30x_usart.o [1]
usart_word_length_set    0x800'2231    0x20  Code  Gb  gd32f30x_usart.o [1]
uxCriticalNesting       0x2000'0000     0x4  Data  Lc  port.o [1]
uxCurrentNumberOfTasks  0x2000'9540     0x4  Data  Lc  tasks.o [1]
uxDeletedTasksWaitingCleanUp
                        0x2000'953c     0x4  Data  Lc  tasks.o [1]
uxListRemove             0x800'0fdd    0x28  Code  Gb  list.o [1]
uxSchedulerSuspended    0x2000'9568     0x4  Data  Lc  tasks.o [1]
uxTaskGetNumberOfTasks   0x800'056b     0x6  Code  Gb  tasks.o [1]
uxTaskNumber            0x2000'955c     0x4  Data  Lc  tasks.o [1]
uxTopReadyPriority      0x2000'9548     0x4  Data  Lc  tasks.o [1]
uxTopUsedPriority       0x2000'0010     0x4  Data  Gb  tasks.o [1]
vListInitialise          0x800'0f83    0x1e  Code  Gb  list.o [1]
vListInitialiseItem      0x800'0fa1     0x6  Code  Gb  list.o [1]
vListInsert              0x800'0fa7    0x36  Code  Gb  list.o [1]
vPortEnableVFP           0x800'1619          Code  Gb  portasm.o [1]
vPortEnterCritical       0x800'1125    0x34  Code  Gb  port.o [1]
vPortExitCritical        0x800'1159    0x2c  Code  Gb  port.o [1]
vPortFree                0x800'0dcd    0x76  Code  Gb  heap_4.o [1]
vPortStartFirstTask      0x800'15f9          Code  Gb  portasm.o [1]
vQueueAddToRegistry      0x800'1a8b    0x5a  Code  Gb  queue.o [1]
vQueueWaitForMessageRestricted
                         0x800'1ae9    0x4c  Code  Gb  queue.o [1]
vTaskDelay               0x800'034f    0x4e  Code  Gb  tasks.o [1]
vTaskInternalSetTimeOutState
                         0x800'091d    0x12  Code  Gb  tasks.o [1]
vTaskMissedYield         0x800'09c1     0x8  Code  Gb  tasks.o [1]
vTaskPlaceOnEventList    0x800'0783    0x34  Code  Gb  tasks.o [1]
vTaskPlaceOnEventListRestricted
                         0x800'07c5    0x58  Code  Gb  tasks.o [1]
vTaskStartScheduler      0x800'039d    0x78  Code  Gb  tasks.o [1]
vTaskSuspendAll          0x800'0415     0xc  Code  Gb  tasks.o [1]
vTaskSwitchContext       0x800'0711    0x72  Code  Gb  tasks.o [1]
xActiveTimerList1       0x2000'94d4    0x14  Data  Lc  timers.o [1]
xActiveTimerList2       0x2000'94e8    0x14  Data  Lc  timers.o [1]
xDelay5ms                0x800'593c     0x4  Data  Gb  SysCfg.o [1]
xDelayedTaskList1       0x2000'9470    0x14  Data  Lc  tasks.o [1]
xDelayedTaskList2       0x2000'9484    0x14  Data  Lc  tasks.o [1]
xFreeBytesRemaining     0x2000'9508     0x4  Data  Lc  heap_4.o [1]
xHeapStructSize          0x800'5938     0x4  Data  Lc  heap_4.o [1]
xIdleTaskHandle         0x2000'9564     0x4  Data  Lc  tasks.o [1]
xMinimumEverFreeBytesRemaining
                        0x2000'950c     0x4  Data  Lc  heap_4.o [1]
xNextTaskUnblockTime    0x2000'9560     0x4  Data  Lc  tasks.o [1]
xNumOfOverflows         0x2000'9558     0x4  Data  Lc  tasks.o [1]
xNumberOfSuccessfulAllocations
                        0x2000'9510     0x4  Data  Lc  heap_4.o [1]
xNumberOfSuccessfulFrees
                        0x2000'9514     0x4  Data  Lc  heap_4.o [1]
xPendedTicks            0x2000'9550     0x4  Data  Lc  tasks.o [1]
xPendingReadyList       0x2000'9498    0x14  Data  Lc  tasks.o [1]
xPortStartScheduler      0x800'1057    0xce  Code  Gb  port.o [1]
xQueueGenericCreate      0x800'16ff    0x6c  Code  Gb  queue.o [1]
xQueueGenericReset       0x800'1635    0xca  Code  Gb  queue.o [1]
xQueueReceive            0x800'17a7   0x16a  Code  Gb  queue.o [1]
xQueueRegistry          0x2000'9430    0x40  Data  Gb  queue.o [1]
xSchedulerRunning       0x2000'954c     0x4  Data  Lc  tasks.o [1]
xStart                  0x2000'94fc     0x8  Data  Lc  heap_4.o [1]
xSuspendedTaskList      0x2000'94c0    0x14  Data  Lc  tasks.o [1]
xTaskCheckForTimeOut     0x800'092f    0x92  Code  Gb  tasks.o [1]
xTaskCreate              0x800'0131    0x7e  Code  Gb  tasks.o [1]
xTaskGetSchedulerState   0x800'0ac1    0x20  Code  Gb  tasks.o [1]
xTaskGetTickCount        0x800'0563     0x8  Code  Gb  tasks.o [1]
xTaskIncrementTick       0x800'0589   0x188  Code  Gb  tasks.o [1]
xTaskPriorityDisinherit
                         0x800'0aed    0xc0  Code  Gb  tasks.o [1]
xTaskRemoveFromEventList
                         0x800'0825    0xf8  Code  Gb  tasks.o [1]
xTaskResumeAll           0x800'0421   0x142  Code  Gb  tasks.o [1]
xTasksWaitingTermination
                        0x2000'94ac    0x14  Data  Lc  tasks.o [1]
xTickCount              0x2000'9544     0x4  Data  Lc  tasks.o [1]
xTimerCreateTimerTask    0x800'1209    0x48  Code  Gb  timers.o [1]
xTimerQueue             0x2000'9574     0x4  Data  Lc  timers.o [1]
xTimerTaskHandle        0x2000'9578     0x4  Data  Lc  timers.o [1]
xYieldPending           0x2000'9554     0x4  Data  Lc  tasks.o [1]


[1] = E:\AnyID\Git\FreeRtos_Stu\FreeRtos_Stu\Debug\Obj
[2] = dl7M_tln.a
[3] = m7M_tls.a
[4] = rt7M_tl.a
[5] = shb_l.a

  13'778 bytes of readonly  code memory
     254 bytes of readonly  data memory (+ 50 absolute)
  46'465 bytes of readwrite data memory

Errors: none
Warnings: none
