###############################################################################
#
# IAR ELF Linker V8.40.1.212/W32 for ARM                  25/Jan/2024  19:10:01
# Copyright 2007-2019 IAR Systems AB.
#
#    Output file  =
#        E:\AnyID\Git\FreeRtos_Stu\FreeRtos_Stu\Debug\Exe\FreeRtos_Stu.out
#    Map file     =
#        E:\AnyID\Git\FreeRtos_Stu\FreeRtos_Stu\Debug\List\FreeRtos_Stu.map
#    Command line =
#        -f C:\Users\Administrator\AppData\Local\Temp\EWB962.tmp
#        (E:\AnyID\Git\FreeRtos_Stu\FreeRtos_Stu\Debug\Obj\Anyid_CS1110_Reader.o
#        E:\AnyID\Git\FreeRtos_Stu\FreeRtos_Stu\Debug\Obj\Anyid_CS1110_Wight.o
#        E:\AnyID\Git\FreeRtos_Stu\FreeRtos_Stu\Debug\Obj\Anyid_CS1110_Wight_HL.o
#        E:\AnyID\Git\FreeRtos_Stu\FreeRtos_Stu\Debug\Obj\AnyID_Stdlib.o
#        E:\AnyID\Git\FreeRtos_Stu\FreeRtos_Stu\Debug\Obj\AnyID_Uart_Receive.o
#        E:\AnyID\Git\FreeRtos_Stu\FreeRtos_Stu\Debug\Obj\croutine.o
#        E:\AnyID\Git\FreeRtos_Stu\FreeRtos_Stu\Debug\Obj\event_groups.o
#        E:\AnyID\Git\FreeRtos_Stu\FreeRtos_Stu\Debug\Obj\gd32f30x_adc.o
#        E:\AnyID\Git\FreeRtos_Stu\FreeRtos_Stu\Debug\Obj\gd32f30x_bkp.o
#        E:\AnyID\Git\FreeRtos_Stu\FreeRtos_Stu\Debug\Obj\gd32f30x_can.o
#        E:\AnyID\Git\FreeRtos_Stu\FreeRtos_Stu\Debug\Obj\gd32f30x_crc.o
#        E:\AnyID\Git\FreeRtos_Stu\FreeRtos_Stu\Debug\Obj\gd32f30x_ctc.o
#        E:\AnyID\Git\FreeRtos_Stu\FreeRtos_Stu\Debug\Obj\gd32f30x_dac.o
#        E:\AnyID\Git\FreeRtos_Stu\FreeRtos_Stu\Debug\Obj\gd32f30x_dbg.o
#        E:\AnyID\Git\FreeRtos_Stu\FreeRtos_Stu\Debug\Obj\gd32f30x_dma.o
#        E:\AnyID\Git\FreeRtos_Stu\FreeRtos_Stu\Debug\Obj\gd32f30x_enet.o
#        E:\AnyID\Git\FreeRtos_Stu\FreeRtos_Stu\Debug\Obj\gd32f30x_exmc.o
#        E:\AnyID\Git\FreeRtos_Stu\FreeRtos_Stu\Debug\Obj\gd32f30x_exti.o
#        E:\AnyID\Git\FreeRtos_Stu\FreeRtos_Stu\Debug\Obj\gd32f30x_fmc.o
#        E:\AnyID\Git\FreeRtos_Stu\FreeRtos_Stu\Debug\Obj\gd32f30x_fwdgt.o
#        E:\AnyID\Git\FreeRtos_Stu\FreeRtos_Stu\Debug\Obj\gd32f30x_gpio.o
#        E:\AnyID\Git\FreeRtos_Stu\FreeRtos_Stu\Debug\Obj\gd32f30x_i2c.o
#        E:\AnyID\Git\FreeRtos_Stu\FreeRtos_Stu\Debug\Obj\gd32f30x_it.o
#        E:\AnyID\Git\FreeRtos_Stu\FreeRtos_Stu\Debug\Obj\gd32f30x_misc.o
#        E:\AnyID\Git\FreeRtos_Stu\FreeRtos_Stu\Debug\Obj\gd32f30x_pmu.o
#        E:\AnyID\Git\FreeRtos_Stu\FreeRtos_Stu\Debug\Obj\gd32f30x_rcu.o
#        E:\AnyID\Git\FreeRtos_Stu\FreeRtos_Stu\Debug\Obj\gd32f30x_rtc.o
#        E:\AnyID\Git\FreeRtos_Stu\FreeRtos_Stu\Debug\Obj\gd32f30x_sdio.o
#        E:\AnyID\Git\FreeRtos_Stu\FreeRtos_Stu\Debug\Obj\gd32f30x_spi.o
#        E:\AnyID\Git\FreeRtos_Stu\FreeRtos_Stu\Debug\Obj\gd32f30x_timer.o
#        E:\AnyID\Git\FreeRtos_Stu\FreeRtos_Stu\Debug\Obj\gd32f30x_usart.o
#        E:\AnyID\Git\FreeRtos_Stu\FreeRtos_Stu\Debug\Obj\gd32f30x_wwdgt.o
#        E:\AnyID\Git\FreeRtos_Stu\FreeRtos_Stu\Debug\Obj\heap_4.o
#        E:\AnyID\Git\FreeRtos_Stu\FreeRtos_Stu\Debug\Obj\list.o
#        E:\AnyID\Git\FreeRtos_Stu\FreeRtos_Stu\Debug\Obj\mian.o
#        E:\AnyID\Git\FreeRtos_Stu\FreeRtos_Stu\Debug\Obj\port.o
#        E:\AnyID\Git\FreeRtos_Stu\FreeRtos_Stu\Debug\Obj\portasm.o
#        E:\AnyID\Git\FreeRtos_Stu\FreeRtos_Stu\Debug\Obj\queue.o
#        E:\AnyID\Git\FreeRtos_Stu\FreeRtos_Stu\Debug\Obj\startup_gd32f30x_hd.o
#        E:\AnyID\Git\FreeRtos_Stu\FreeRtos_Stu\Debug\Obj\stream_buffer.o
#        E:\AnyID\Git\FreeRtos_Stu\FreeRtos_Stu\Debug\Obj\SysCfg.o
#        E:\AnyID\Git\FreeRtos_Stu\FreeRtos_Stu\Debug\Obj\system_gd32f30x.o
#        E:\AnyID\Git\FreeRtos_Stu\FreeRtos_Stu\Debug\Obj\tasks.o
#        E:\AnyID\Git\FreeRtos_Stu\FreeRtos_Stu\Debug\Obj\timers.o
#        E:\AnyID\Git\FreeRtos_Stu\FreeRtos_Stu\Debug\Obj\Uart2.o
#        E:\AnyID\Git\FreeRtos_Stu\FreeRtos_Stu\Debug\Obj\Uart2_HL.o
#        --no_out_extension -o
#        E:\AnyID\Git\FreeRtos_Stu\FreeRtos_Stu\Debug\Exe\FreeRtos_Stu.out
#        --map
#        E:\AnyID\Git\FreeRtos_Stu\FreeRtos_Stu\Debug\List\FreeRtos_Stu.map
#        --config "C:\Program Files (x86)\IAR Systems\Embedded Workbench
#        8.3\arm\config\linker\GD\GD32F303xC.icf" --semihosting --entry
#        __iar_program_start --vfe --text_out locale)
#
###############################################################################

*******************************************************************************
*** RUNTIME MODEL ATTRIBUTES
***

CppFlavor       = *
__SystemLibrary = DLib
__dlib_version  = 6


*******************************************************************************
*** HEAP SELECTION
***

The basic heap was selected because no calls to memory allocation
functions were found in the application outside of system library
functions, and there are calls to deallocation functions in the
application.


*******************************************************************************
*** PLACEMENT SUMMARY
***

"A0":  place at address 0x800'0000 { ro section .intvec };
"P1":  place in [from 0x800'0000 to 0x803'ffff] { ro };
define block CSTACK with size = 8K, alignment = 8 { };
define block HEAP with size = 8K, alignment = 8 { };
"P2":  place in [from 0x2000'0000 to 0x2000'bfff] {
          rw, block CSTACK, block HEAP };
initialize by copy { rw };

  Section            Kind         Address    Size  Object
  -------            ----         -------    ----  ------
"A0":                                       0x130
  .intvec            ro code   0x800'0000   0x130  startup_gd32f30x_hd.o [1]
                             - 0x800'0130   0x130

"P1", part 1 of 2:                         0x2d74
  .text              ro code   0x800'0130   0xb88  tasks.o [1]
  .text              ro code   0x800'0cb8   0x264  heap_4.o [1]
  .text              ro code   0x800'0f1c    0x66  ABImemset.o [4]
  .text              ro code   0x800'0f82    0x82  list.o [1]
  .text              ro code   0x800'1004   0x204  port.o [1]
  .text              ro code   0x800'1208   0x378  timers.o [1]
  CODE               ro code   0x800'1580    0xb4  portasm.o [1]
  .text              ro code   0x800'1634   0x5a0  queue.o [1]
  .text              ro code   0x800'1bd4    0xa6  ABImemcpy.o [4]
  .text              ro code   0x800'1c7a    0x3a  zero_init3.o [4]
  .text              ro code   0x800'1cb4   0x43c  gd32f30x_dma.o [1]
  .text              ro code   0x800'20f0   0x336  gd32f30x_usart.o [1]
  .text              ro code   0x800'2426    0x2e  copy_init3.o [4]
  .text              ro code   0x800'2454   0x1f4  gd32f30x_rcu.o [1]
  .text              ro code   0x800'2648   0x26e  SysCfg.o [1]
  .text              ro code   0x800'28b8    0xfc  gd32f30x_gpio.o [1]
  .text              ro code   0x800'29b4    0x20  Uart2.o [1]
  .text              ro code   0x800'29d4    0x48  Anyid_CS1110_Wight.o [1]
  .text              ro code   0x800'2a1c    0x48  AnyID_Stdlib.o [1]
  .text              ro code   0x800'2a64   0x246  Anyid_CS1110_Reader.o [1]
  .text              ro code   0x800'2cac   0x1f8  Uart2_HL.o [1]
                             - 0x800'2ea4  0x2d74

Absolute sections:                           0x32
  .rodata            const     0x800'5000    0x32  Anyid_CS1110_Reader.o [1]
                             - 0x800'5032    0x32

"P1", part 2 of 2:                          0x7f4
  .text              ro code   0x800'5034   0x174  Anyid_CS1110_Wight_HL.o [1]
  .text              ro code   0x800'51a8    0xe8  gd32f30x_misc.o [1]
  .text              ro code   0x800'5290   0x170  system_gd32f30x.o [1]
  .text              ro code   0x800'5400   0x138  gd32f30x_it.o [1]
  .text              ro code   0x800'5538    0x74  mian.o [1]
  .text              ro code   0x800'55ac    0x28  data_init.o [4]
  .text              ro code   0x800'55d4    0x22  fpinit_M.o [3]
  .iar.init_table    const     0x800'55f8    0x24  - Linker created -
  .text              ro code   0x800'561c    0x1e  cmain.o [4]
  .text              ro code   0x800'563a     0x4  low_level_init.o [2]
  .text              ro code   0x800'563e     0x4  exit.o [2]
  .text              ro code   0x800'5644     0xa  cexit.o [4]
  .text              ro code   0x800'5650    0x14  exit.o [5]
  .rodata            const     0x800'5664    0x10  gd32f30x_rcu.o [1]
  .rodata            const     0x800'5674    0x10  mian.o [1]
  .rodata            const     0x800'5684    0x10  mian.o [1]
  .text              ro code   0x800'5694    0x10  startup_gd32f30x_hd.o [1]
  .rodata            const     0x800'56a4     0xc  mian.o [1]
  .text              ro code   0x800'56b0     0xc  cstartup_M.o [4]
  Initializer bytes  const     0x800'56bc     0xc  <for P2-1>
  .rodata            const     0x800'56c8     0x8  Anyid_CS1110_Wight_HL.o [1]
  .rodata            const     0x800'56d0     0x8  Anyid_CS1110_Wight_HL.o [1]
  .rodata            const     0x800'56d8     0x8  gd32f30x_rcu.o [1]
  .rodata            const     0x800'56e0     0x8  gd32f30x_rcu.o [1]
  .rodata            const     0x800'56e8     0x8  SysCfg.o [1]
  .rodata            const     0x800'56f0     0x8  SysCfg.o [1]
  .rodata            const     0x800'56f8     0x8  SysCfg.o [1]
  .rodata            const     0x800'5700     0x8  SysCfg.o [1]
  .rodata            const     0x800'5708     0x8  SysCfg.o [1]
  .rodata            const     0x800'5710     0x8  tasks.o [1]
  .rodata            const     0x800'5718     0x8  timers.o [1]
  .rodata            const     0x800'5720     0x8  timers.o [1]
  .rodata            const     0x800'5728     0x8  Uart2_HL.o [1]
  .rodata            const     0x800'5730     0x8  Uart2_HL.o [1]
  .rodata            const     0x800'5738     0x8  Uart2_HL.o [1]
  .rodata            const     0x800'5740     0x4  heap_4.o [1]
  .rodata            const     0x800'5744     0x4  SysCfg.o [1]
  .text              ro code   0x800'5748     0x4  startup_gd32f30x_hd.o [1]
  .text              ro code   0x800'574c     0x4  startup_gd32f30x_hd.o [1]
  .text              ro code   0x800'5750     0x4  startup_gd32f30x_hd.o [1]
  .text              ro code   0x800'5754     0x4  startup_gd32f30x_hd.o [1]
  .text              ro code   0x800'5758     0x4  startup_gd32f30x_hd.o [1]
  .text              ro code   0x800'575c     0x4  startup_gd32f30x_hd.o [1]
  .text              ro code   0x800'5760     0x4  startup_gd32f30x_hd.o [1]
  .text              ro code   0x800'5764     0x4  startup_gd32f30x_hd.o [1]
  .text              ro code   0x800'5768     0x4  startup_gd32f30x_hd.o [1]
  .text              ro code   0x800'576c     0x4  startup_gd32f30x_hd.o [1]
  .text              ro code   0x800'5770     0x4  startup_gd32f30x_hd.o [1]
  .text              ro code   0x800'5774     0x4  startup_gd32f30x_hd.o [1]
  .text              ro code   0x800'5778     0x4  startup_gd32f30x_hd.o [1]
  .text              ro code   0x800'577c     0x4  startup_gd32f30x_hd.o [1]
  .text              ro code   0x800'5780     0x4  startup_gd32f30x_hd.o [1]
  .text              ro code   0x800'5784     0x4  startup_gd32f30x_hd.o [1]
  .text              ro code   0x800'5788     0x4  startup_gd32f30x_hd.o [1]
  .text              ro code   0x800'578c     0x4  startup_gd32f30x_hd.o [1]
  .text              ro code   0x800'5790     0x4  startup_gd32f30x_hd.o [1]
  .text              ro code   0x800'5794     0x4  startup_gd32f30x_hd.o [1]
  .text              ro code   0x800'5798     0x4  startup_gd32f30x_hd.o [1]
  .text              ro code   0x800'579c     0x4  startup_gd32f30x_hd.o [1]
  .text              ro code   0x800'57a0     0x4  startup_gd32f30x_hd.o [1]
  .text              ro code   0x800'57a4     0x4  startup_gd32f30x_hd.o [1]
  .text              ro code   0x800'57a8     0x4  startup_gd32f30x_hd.o [1]
  .text              ro code   0x800'57ac     0x4  startup_gd32f30x_hd.o [1]
  .text              ro code   0x800'57b0     0x4  startup_gd32f30x_hd.o [1]
  .text              ro code   0x800'57b4     0x4  startup_gd32f30x_hd.o [1]
  .text              ro code   0x800'57b8     0x4  startup_gd32f30x_hd.o [1]
  .text              ro code   0x800'57bc     0x4  startup_gd32f30x_hd.o [1]
  .text              ro code   0x800'57c0     0x4  startup_gd32f30x_hd.o [1]
  .text              ro code   0x800'57c4     0x4  startup_gd32f30x_hd.o [1]
  .text              ro code   0x800'57c8     0x4  startup_gd32f30x_hd.o [1]
  .text              ro code   0x800'57cc     0x4  startup_gd32f30x_hd.o [1]
  .text              ro code   0x800'57d0     0x4  startup_gd32f30x_hd.o [1]
  .text              ro code   0x800'57d4     0x4  startup_gd32f30x_hd.o [1]
  .text              ro code   0x800'57d8     0x4  startup_gd32f30x_hd.o [1]
  .text              ro code   0x800'57dc     0x4  startup_gd32f30x_hd.o [1]
  .text              ro code   0x800'57e0     0x4  startup_gd32f30x_hd.o [1]
  .text              ro code   0x800'57e4     0x4  startup_gd32f30x_hd.o [1]
  .text              ro code   0x800'57e8     0x4  startup_gd32f30x_hd.o [1]
  .text              ro code   0x800'57ec     0x4  startup_gd32f30x_hd.o [1]
  .text              ro code   0x800'57f0     0x4  startup_gd32f30x_hd.o [1]
  .text              ro code   0x800'57f4     0x4  startup_gd32f30x_hd.o [1]
  .text              ro code   0x800'57f8     0x4  startup_gd32f30x_hd.o [1]
  .text              ro code   0x800'57fc     0x4  startup_gd32f30x_hd.o [1]
  .text              ro code   0x800'5800     0x4  startup_gd32f30x_hd.o [1]
  .text              ro code   0x800'5804     0x4  startup_gd32f30x_hd.o [1]
  .text              ro code   0x800'5808     0x4  startup_gd32f30x_hd.o [1]
  .text              ro code   0x800'580c     0x4  startup_gd32f30x_hd.o [1]
  .text              ro code   0x800'5810     0x4  startup_gd32f30x_hd.o [1]
  .text              ro code   0x800'5814     0x4  startup_gd32f30x_hd.o [1]
  .text              ro code   0x800'5818     0x4  startup_gd32f30x_hd.o [1]
  .text              ro code   0x800'581c     0x4  startup_gd32f30x_hd.o [1]
  .text              ro code   0x800'5820     0x4  startup_gd32f30x_hd.o [1]
  .text              ro code   0x800'5824     0x4  startup_gd32f30x_hd.o [1]
  .rodata            const     0x800'5828     0x0  zero_init3.o [4]
  .rodata            const     0x800'5828     0x0  copy_init3.o [4]
                             - 0x800'5828   0x7f4

"P2", part 1 of 3:                            0xc
  P2-1                        0x2000'0000     0xc  <Init block>
    .data            inited   0x2000'0000     0x4  port.o [1]
    .data            inited   0x2000'0004     0x4  system_gd32f30x.o [1]
    .data            inited   0x2000'0008     0x4  tasks.o [1]
                            - 0x2000'000c     0xc

"P2", part 2 of 3:                         0x9d94
  .bss               zero     0x2000'000c  0x7800  heap_4.o [1]
  .bss               zero     0x2000'780c   0xa2c  Anyid_CS1110_Reader.o [1]
  .bss               zero     0x2000'8238   0x568  Anyid_CS1110_Wight.o [1]
  .bss               zero     0x2000'87a0   0x514  Anyid_CS1110_Wight.o [1]
  .bss               zero     0x2000'8cb4   0x514  Uart2.o [1]
  .bss               zero     0x2000'91c8   0x50c  Uart2.o [1]
  .bss               zero     0x2000'96d4   0x50c  Uart2.o [1]
  .bss               zero     0x2000'9be0    0x64  tasks.o [1]
  .bss               zero     0x2000'9c44    0x40  queue.o [1]
  .bss               zero     0x2000'9c84    0x14  tasks.o [1]
  .bss               zero     0x2000'9c98    0x14  tasks.o [1]
  .bss               zero     0x2000'9cac    0x14  tasks.o [1]
  .bss               zero     0x2000'9cc0    0x14  tasks.o [1]
  .bss               zero     0x2000'9cd4    0x14  tasks.o [1]
  .bss               zero     0x2000'9ce8    0x14  timers.o [1]
  .bss               zero     0x2000'9cfc    0x14  timers.o [1]
  .bss               zero     0x2000'9d10     0x8  heap_4.o [1]
  .bss               zero     0x2000'9d18     0x8  SysCfg.o [1]
  .bss               zero     0x2000'9d20     0x4  heap_4.o [1]
  .bss               zero     0x2000'9d24     0x4  heap_4.o [1]
  .bss               zero     0x2000'9d28     0x4  heap_4.o [1]
  .bss               zero     0x2000'9d2c     0x4  heap_4.o [1]
  .bss               zero     0x2000'9d30     0x4  heap_4.o [1]
  .bss               zero     0x2000'9d34     0x4  port.o [1]
  .bss               zero     0x2000'9d38     0x4  SysCfg.o [1]
  .bss               zero     0x2000'9d3c     0x4  SysCfg.o [1]
  .bss               zero     0x2000'9d40     0x4  SysCfg.o [1]
  .bss               zero     0x2000'9d44     0x4  SysCfg.o [1]
  .bss               zero     0x2000'9d48     0x4  SysCfg.o [1]
  .bss               zero     0x2000'9d4c     0x4  tasks.o [1]
  .bss               zero     0x2000'9d50     0x4  tasks.o [1]
  .bss               zero     0x2000'9d54     0x4  tasks.o [1]
  .bss               zero     0x2000'9d58     0x4  tasks.o [1]
  .bss               zero     0x2000'9d5c     0x4  tasks.o [1]
  .bss               zero     0x2000'9d60     0x4  tasks.o [1]
  .bss               zero     0x2000'9d64     0x4  tasks.o [1]
  .bss               zero     0x2000'9d68     0x4  tasks.o [1]
  .bss               zero     0x2000'9d6c     0x4  tasks.o [1]
  .bss               zero     0x2000'9d70     0x4  tasks.o [1]
  .bss               zero     0x2000'9d74     0x4  tasks.o [1]
  .bss               zero     0x2000'9d78     0x4  tasks.o [1]
  .bss               zero     0x2000'9d7c     0x4  tasks.o [1]
  .bss               zero     0x2000'9d80     0x4  tasks.o [1]
  .bss               zero     0x2000'9d84     0x4  tasks.o [1]
  .bss               zero     0x2000'9d88     0x4  timers.o [1]
  .bss               zero     0x2000'9d8c     0x4  timers.o [1]
  .bss               zero     0x2000'9d90     0x4  timers.o [1]
  .bss               zero     0x2000'9d94     0x4  timers.o [1]
  .bss               zero     0x2000'9d98     0x4  timers.o [1]
  .bss               zero     0x2000'9d9c     0x1  port.o [1]
                            - 0x2000'9d9d  0x9d91

"P2", part 3 of 3:                         0x2000
  CSTACK                      0x2000'9da0  0x2000  <Block>
    CSTACK           uninit   0x2000'9da0  0x2000  <Block tail>
                            - 0x2000'bda0  0x2000

Unused ranges:

         From           To      Size
         ----           --      ----
   0x800'2ea4   0x800'4fff    0x215c
   0x800'5032   0x800'5033       0x2
   0x800'5828   0x803'ffff  0x3'a7d8
  0x2000'bda0  0x2000'bfff     0x260


*******************************************************************************
*** INIT TABLE
***

          Address      Size
          -------      ----
Zero (__iar_zero_init3)
    1 destination range, total size 0x9d91:
          0x2000'000c  0x9d91

Copy (__iar_copy_init3)
    1 source range, total size 0xc:
           0x800'56bc     0xc
    1 destination range, total size 0xc:
          0x2000'0000     0xc



*******************************************************************************
*** MODULE SUMMARY
***

    Module                   ro code  ro data  rw data  ro data
                                                         (abs)
    ------                   -------  -------  -------  -------
command line/config:
    -----------------------------------------------------------
    Total:

E:\AnyID\Git\FreeRtos_Stu\FreeRtos_Stu\Debug\Obj: [1]
    AnyID_Stdlib.o                72
    Anyid_CS1110_Reader.o        582             2'604       50
    Anyid_CS1110_Wight.o          72             2'684
    Anyid_CS1110_Wight_HL.o      372       16
    SysCfg.o                     622       44       28
    Uart2.o                       32             3'884
    Uart2_HL.o                   504       24
    gd32f30x_dma.o             1'084
    gd32f30x_gpio.o              252
    gd32f30x_it.o                312
    gd32f30x_misc.o              232
    gd32f30x_rcu.o               500       32
    gd32f30x_usart.o             822
    heap_4.o                     612        4   30'748
    list.o                       130
    mian.o                       116       44
    port.o                       516        4        9
    portasm.o                    180
    queue.o                    1'440                64
    startup_gd32f30x_hd.o        544
    system_gd32f30x.o            368        4        4
    tasks.o                    2'952       12      264
    timers.o                     888       16       60
    -----------------------------------------------------------
    Total:                    13'204      200   40'349       50

dl7M_tln.a: [2]
    exit.o                         4
    low_level_init.o               4
    -----------------------------------------------------------
    Total:                         8

m7M_tls.a: [3]
    fpinit_M.o                    34
    -----------------------------------------------------------
    Total:                        34

rt7M_tl.a: [4]
    ABImemcpy.o                  166
    ABImemset.o                  102
    cexit.o                       10
    cmain.o                       30
    copy_init3.o                  46
    cstartup_M.o                  12
    data_init.o                   40
    zero_init3.o                  58
    -----------------------------------------------------------
    Total:                       464

shb_l.a: [5]
    exit.o                        20
    -----------------------------------------------------------
    Total:                        20

    Gaps                           8        2
    Linker created                         36    8'192
---------------------------------------------------------------
    Grand Total:              13'738      238   48'541       50


*******************************************************************************
*** ENTRY LIST
***

Entry                       Address    Size  Type      Object
-----                       -------    ----  ----      ------
.iar.init_table$$Base    0x800'55f8           --   Gb  - Linker created -
.iar.init_table$$Limit   0x800'561c           --   Gb  - Linker created -
?main                    0x800'561d          Code  Gb  cmain.o [4]
BusFault_Handler         0x800'5407     0x2  Code  Gb  gd32f30x_it.o [1]
CSTACK$$Base            0x2000'9da0           --   Gb  - Linker created -
CSTACK$$Limit           0x2000'bda0           --   Gb  - Linker created -
DMA0_Channel5_IRQHandler
                         0x800'54fd    0x1e  Code  Gb  gd32f30x_it.o [1]
DMA0_Channel6_IRQHandler
                         0x800'54df    0x1e  Code  Gb  gd32f30x_it.o [1]
DebugMon_Handler         0x800'540b     0x2  Code  Gb  gd32f30x_it.o [1]
Device_ResponseFrame     0x800'2b3d   0x16e  Code  Gb  Anyid_CS1110_Reader.o [1]
GPB_Init                 0x800'29d5    0x44  Code  Gb  Anyid_CS1110_Wight.o [1]
GPB_InitInterface        0x800'5035    0xa0  Code  Gb  Anyid_CS1110_Wight_HL.o [1]
GPB_PORT_RX              0x800'56d0     0x8  Data  Gb  Anyid_CS1110_Wight_HL.o [1]
GPB_PORT_TX              0x800'56c8     0x8  Data  Gb  Anyid_CS1110_Wight_HL.o [1]
Gpb_DmaRxInit            0x800'5135    0x60  Code  Gb  Anyid_CS1110_Wight_HL.o [1]
Gpb_DmaTxInit            0x800'50d5    0x60  Code  Gb  Anyid_CS1110_Wight_HL.o [1]
HardFault_Handler        0x800'5403     0x2  Code  Gb  gd32f30x_it.o [1]
IO_LED_CTL               0x800'56f0     0x8  Data  Gb  SysCfg.o [1]
MemManage_Handler        0x800'5405     0x2  Code  Gb  gd32f30x_it.o [1]
NMI_Handler              0x800'5401     0x2  Code  Gb  gd32f30x_it.o [1]
PendSV_Handler           0x800'1581          Code  Gb  portasm.o [1]
READER_VERSION           0x800'5000    0x32  Data  Gb  Anyid_CS1110_Reader.o [1]
Reader_ProcessUartFrames
                         0x800'2a65    0xd0  Code  Gb  Anyid_CS1110_Reader.o [1]
Region$$Table$$Base      0x800'55f8           --   Gb  - Linker created -
Region$$Table$$Limit     0x800'561c           --   Gb  - Linker created -
SVC_Handler              0x800'15dd          Code  Gb  portasm.o [1]
SYS_LED_BLUE             0x800'5700     0x8  Data  Gb  SysCfg.o [1]
SYS_LED_GREEN            0x800'5708     0x8  Data  Gb  SysCfg.o [1]
SYS_LED_RED              0x800'56f8     0x8  Data  Gb  SysCfg.o [1]
SYS_RUN_LED              0x800'56e8     0x8  Data  Gb  SysCfg.o [1]
SysIsrTask              0x2000'9d40     0x4  Data  Gb  SysCfg.o [1]
SysTaskUart2            0x2000'9d3c     0x4  Data  Gb  SysCfg.o [1]
SysTick_Handler          0x800'1185    0x28  Code  Gb  port.o [1]
SysWightTask            0x2000'9d48     0x4  Data  Gb  SysCfg.o [1]
Sys_CtrlIOInit           0x800'269d    0x54  Code  Gb  SysCfg.o [1]
Sys_Init                 0x800'26f1    0x3c  Code  Gb  SysCfg.o [1]
Sys_IsrTask              0x800'27d9    0x9e  Code  Gb  SysCfg.o [1]
Sys_Uart2Task            0x800'272d    0xac  Code  Gb  SysCfg.o [1]
Sys_WightTask            0x800'28ad     0xa  Code  Gb  SysCfg.o [1]
SystemCoreClock         0x2000'0004     0x4  Data  Gb  system_gd32f30x.o [1]
SystemInit               0x800'5291    0x82  Code  Gb  system_gd32f30x.o [1]
USART1_IRQHandler        0x800'545b    0x84  Code  Gb  gd32f30x_it.o [1]
USART2_IRQHandler        0x800'540d    0x4e  Code  Gb  gd32f30x_it.o [1]
USART_PORT_CTRL          0x800'5738     0x8  Data  Gb  Uart2_HL.o [1]
USART_PORT_RX            0x800'5730     0x8  Data  Gb  Uart2_HL.o [1]
USART_PORT_TX            0x800'5728     0x8  Data  Gb  Uart2_HL.o [1]
Uart_DmaRxInit           0x800'2dc5    0x74  Code  Gb  Uart2_HL.o [1]
Uart_DmaTxInit           0x800'2d5f    0x66  Code  Gb  Uart2_HL.o [1]
Uart_EnableTx            0x800'2e39    0x50  Code  Gb  Uart2_HL.o [1]
Uart_Init                0x800'29b5    0x20  Code  Gb  Uart2.o [1]
Uart_InitInterface       0x800'2cad    0xb2  Code  Gb  Uart2_HL.o [1]
UsageFault_Handler       0x800'5409     0x2  Code  Gb  gd32f30x_it.o [1]
__ICFEDIT_region_RAM_end__ {Abs}
                        0x2000'bfff          Data  Gb  <internal module>
__ICFEDIT_region_RAM_start__ {Abs}
                        0x2000'0000          Data  Gb  <internal module>
__aeabi_memcpy           0x800'1bd5          Code  Gb  ABImemcpy.o [4]
__aeabi_memcpy4          0x800'1bf5          Code  Gb  ABImemcpy.o [4]
__aeabi_memcpy8          0x800'1bf5          Code  Gb  ABImemcpy.o [4]
__aeabi_memset           0x800'0f1d          Code  Gb  ABImemset.o [4]
__cmain                  0x800'561d          Code  Gb  cmain.o [4]
__exit                   0x800'5651    0x14  Code  Gb  exit.o [5]
__iar_Memset             0x800'0f1d          Code  Gb  ABImemset.o [4]
__iar_Memset_word        0x800'0f25          Code  Gb  ABImemset.o [4]
__iar_copy_init3         0x800'2427    0x2e  Code  Gb  copy_init3.o [4]
__iar_data_init3         0x800'55ad    0x28  Code  Gb  data_init.o [4]
__iar_init_vfp           0x800'55d5          Code  Gb  fpinit_M.o [3]
__iar_program_start      0x800'56b1          Code  Gb  cstartup_M.o [4]
__iar_zero_init3         0x800'1c7b    0x3a  Code  Gb  zero_init3.o [4]
__low_level_init         0x800'563b     0x4  Code  Gb  low_level_init.o [2]
__vector_table           0x800'0000          Data  Gb  startup_gd32f30x_hd.o [1]
_call_main               0x800'5629          Code  Gb  cmain.o [4]
_exit                    0x800'5645          Code  Gb  cexit.o [4]
_main                    0x800'5637          Code  Gb  cmain.o [4]
a_GetCrc                 0x800'2a1d    0x48  Code  Gb  AnyID_Stdlib.o [1]
dma_channel_disable      0x800'1f33    0x36  Code  Gb  gd32f30x_dma.o [1]
dma_channel_enable       0x800'1efd    0x36  Code  Gb  gd32f30x_dma.o [1]
dma_circulation_disable
                         0x800'1e91    0x36  Code  Gb  gd32f30x_dma.o [1]
dma_deinit               0x800'1cb5    0x80  Code  Gb  gd32f30x_dma.o [1]
dma_flag_clear           0x800'1fdf    0x18  Code  Gb  gd32f30x_dma.o [1]
dma_init                 0x800'1d61   0x130  Code  Gb  gd32f30x_dma.o [1]
dma_interrupt_enable     0x800'209b    0x36  Code  Gb  gd32f30x_dma.o [1]
dma_interrupt_flag_clear
                         0x800'2083    0x18  Code  Gb  gd32f30x_dma.o [1]
dma_interrupt_flag_get   0x800'1ff7    0x8c  Code  Gb  gd32f30x_dma.o [1]
dma_memory_address_config
                         0x800'1f69    0x28  Code  Gb  gd32f30x_dma.o [1]
dma_memory_to_memory_disable
                         0x800'1ec7    0x36  Code  Gb  gd32f30x_dma.o [1]
dma_periph_and_channel_check
                         0x800'20d1    0x1a  Code  Lc  gd32f30x_dma.o [1]
dma_struct_para_init     0x800'1d35    0x2c  Code  Gb  gd32f30x_dma.o [1]
dma_transfer_number_config
                         0x800'1f91    0x2a  Code  Gb  gd32f30x_dma.o [1]
dma_transfer_number_get
                         0x800'1fbb    0x24  Code  Gb  gd32f30x_dma.o [1]
exit                     0x800'563f     0x4  Code  Gb  exit.o [2]
g_nClock                0x2000'9d38     0x4  Data  Gb  SysCfg.o [1]
g_nSysTick              0x2000'9d44     0x4  Data  Gb  SysCfg.o [1]
g_sDeviceRspFrame       0x2000'780c   0xa2c  Data  Gb  Anyid_CS1110_Reader.o [1]
g_sGpbInfo              0x2000'8238   0x568  Data  Gb  Anyid_CS1110_Wight.o [1]
g_sGpbTempRcv           0x2000'87a0   0x514  Data  Gb  Anyid_CS1110_Wight.o [1]
g_sSysInfo              0x2000'9d18     0x8  Data  Gb  SysCfg.o [1]
g_sUartRcvFrame         0x2000'8cb4   0x514  Data  Gb  Uart2.o [1]
g_sUsartRcvFrame        0x2000'91c8   0x50c  Data  Gb  Uart2.o [1]
g_sUsartRcvTempFrame    0x2000'96d4   0x50c  Data  Gb  Uart2.o [1]
gpio_init                0x800'28b9    0xfc  Code  Gb  gd32f30x_gpio.o [1]
main                     0x800'5539    0x74  Code  Gb  mian.o [1]
nvic_irq_enable          0x800'51b3    0xcc  Code  Gb  gd32f30x_misc.o [1]
nvic_priority_group_set
                         0x800'51a9     0xa  Code  Gb  gd32f30x_misc.o [1]
prvAddCurrentTaskToDelayedList
                         0x800'0be5    0xa6  Code  Lc  tasks.o [1]
prvAddNewTaskToReadyList
                         0x800'028f    0xc0  Code  Lc  tasks.o [1]
prvCheckForValidListAndQueue
                         0x800'1511    0x46  Code  Lc  timers.o [1]
prvCheckTasksWaitingTermination
                         0x800'0a45    0x3e  Code  Lc  tasks.o [1]
prvCopyDataFromQueue     0x800'19b1    0x36  Code  Lc  queue.o [1]
prvCopyDataToQueue       0x800'1915    0x9c  Code  Lc  queue.o [1]
prvDeleteTCB             0x800'0a89    0x12  Code  Lc  tasks.o [1]
prvGetNextExpireTime     0x800'1341    0x26  Code  Lc  timers.o [1]
prvHeapInit              0x800'0e43    0x5a  Code  Lc  heap_4.o [1]
prvIdleTask              0x800'09c9    0x24  Code  Lc  tasks.o [1]
prvInitialiseNewQueue    0x800'176b    0x3c  Code  Lc  queue.o [1]
prvInitialiseNewTask     0x800'01af    0xe0  Code  Lc  tasks.o [1]
prvInitialiseTaskLists   0x800'09f1    0x54  Code  Lc  tasks.o [1]
prvInsertBlockIntoFreeList
                         0x800'0e9d    0x5e  Code  Lc  heap_4.o [1]
prvInsertTimerInActiveList
                         0x800'138d    0x50  Code  Lc  timers.o [1]
prvIsQueueEmpty          0x800'1a6f    0x1c  Code  Lc  queue.o [1]
prvNotifyQueueSetContainer
                         0x800'1b35    0xa0  Code  Lc  queue.o [1]
prvProcessExpiredTimer   0x800'1279    0x3c  Code  Lc  timers.o [1]
prvProcessReceivedCommands
                         0x800'13dd   0x108  Code  Lc  timers.o [1]
prvProcessTimerOrBlockTask
                         0x800'12d3    0x6e  Code  Lc  timers.o [1]
prvReloadTimer           0x800'1251    0x28  Code  Lc  timers.o [1]
prvResetNextTaskUnblockTime
                         0x800'0a9b    0x22  Code  Lc  tasks.o [1]
prvSampleTimeNow         0x800'1367    0x26  Code  Lc  timers.o [1]
prvSampleTimeNow::xLastTime
                        0x2000'9d98     0x4  Data  Lc  timers.o [1]
prvSwitchTimerLists      0x800'14e5    0x2c  Code  Lc  timers.o [1]
prvTaskExitError         0x800'102d    0x2a  Code  Lc  port.o [1]
prvTimerTask             0x800'12b9    0x1a  Code  Lc  timers.o [1]
prvUnlockQueue           0x800'19e7    0x88  Code  Lc  queue.o [1]
pvPortMalloc             0x800'0cb9   0x114  Code  Gb  heap_4.o [1]
pxCurrentTCB            0x2000'9d4c     0x4  Data  Gb  tasks.o [1]
pxCurrentTimerList      0x2000'9d88     0x4  Data  Lc  timers.o [1]
pxDelayedTaskList       0x2000'9d50     0x4  Data  Lc  tasks.o [1]
pxEnd                   0x2000'9d20     0x4  Data  Lc  heap_4.o [1]
pxOverflowDelayedTaskList
                        0x2000'9d54     0x4  Data  Lc  tasks.o [1]
pxOverflowTimerList     0x2000'9d8c     0x4  Data  Lc  timers.o [1]
pxPortInitialiseStack    0x800'1005    0x28  Code  Gb  port.o [1]
pxReadyTasksLists       0x2000'9be0    0x64  Data  Lc  tasks.o [1]
rcu_clock_freq_get       0x800'24cd   0x154  Code  Gb  gd32f30x_rcu.o [1]
rcu_config               0x800'2649    0x54  Code  Gb  SysCfg.o [1]
rcu_periph_clock_enable
                         0x800'2455    0x28  Code  Gb  gd32f30x_rcu.o [1]
rcu_periph_reset_disable
                         0x800'24a5    0x28  Code  Gb  gd32f30x_rcu.o [1]
rcu_periph_reset_enable
                         0x800'247d    0x28  Code  Gb  gd32f30x_rcu.o [1]
system_clock_120m_hxtal
                         0x800'531b    0xba  Code  Lc  system_gd32f30x.o [1]
system_clock_config      0x800'5313     0x8  Code  Lc  system_gd32f30x.o [1]
ucHeap                  0x2000'000c  0x7800  Data  Lc  heap_4.o [1]
ucMaxSysCallPriority    0x2000'9d9c     0x1  Data  Lc  port.o [1]
ulMaxPRIGROUPValue      0x2000'9d34     0x4  Data  Lc  port.o [1]
usart_baudrate_set       0x800'2171    0x8a  Code  Gb  gd32f30x_usart.o [1]
usart_data_receive       0x800'22cb     0xa  Code  Gb  gd32f30x_usart.o [1]
usart_deinit             0x800'20f1    0x80  Code  Gb  gd32f30x_usart.o [1]
usart_dma_receive_config
                         0x800'231d    0x28  Code  Gb  gd32f30x_usart.o [1]
usart_dma_transmit_config
                         0x800'2345    0x28  Code  Gb  gd32f30x_usart.o [1]
usart_enable             0x800'2271    0x12  Code  Gb  gd32f30x_usart.o [1]
usart_flag_clear         0x800'238d    0x1c  Code  Gb  gd32f30x_usart.o [1]
usart_flag_get           0x800'236d    0x20  Code  Gb  gd32f30x_usart.o [1]
usart_hardware_flow_cts_config
                         0x800'22f9    0x24  Code  Gb  gd32f30x_usart.o [1]
usart_hardware_flow_rts_config
                         0x800'22d5    0x24  Code  Gb  gd32f30x_usart.o [1]
usart_interrupt_enable   0x800'23a9    0x28  Code  Gb  gd32f30x_usart.o [1]
usart_interrupt_flag_clear
                         0x800'2411    0x16  Code  Gb  gd32f30x_usart.o [1]
usart_interrupt_flag_get
                         0x800'23d1    0x40  Code  Gb  gd32f30x_usart.o [1]
usart_parity_config      0x800'2211    0x20  Code  Gb  gd32f30x_usart.o [1]
usart_receive_config     0x800'22a7    0x24  Code  Gb  gd32f30x_usart.o [1]
usart_stop_bit_set       0x800'2251    0x20  Code  Gb  gd32f30x_usart.o [1]
usart_transmit_config    0x800'2283    0x24  Code  Gb  gd32f30x_usart.o [1]
usart_word_length_set    0x800'2231    0x20  Code  Gb  gd32f30x_usart.o [1]
uxCriticalNesting       0x2000'0000     0x4  Data  Lc  port.o [1]
uxCurrentNumberOfTasks  0x2000'9d5c     0x4  Data  Lc  tasks.o [1]
uxDeletedTasksWaitingCleanUp
                        0x2000'9d58     0x4  Data  Lc  tasks.o [1]
uxListRemove             0x800'0fdd    0x28  Code  Gb  list.o [1]
uxSchedulerSuspended    0x2000'9d84     0x4  Data  Lc  tasks.o [1]
uxTaskGetNumberOfTasks   0x800'056b     0x6  Code  Gb  tasks.o [1]
uxTaskNumber            0x2000'9d78     0x4  Data  Lc  tasks.o [1]
uxTopReadyPriority      0x2000'9d64     0x4  Data  Lc  tasks.o [1]
uxTopUsedPriority       0x2000'0008     0x4  Data  Gb  tasks.o [1]
vListInitialise          0x800'0f83    0x1e  Code  Gb  list.o [1]
vListInitialiseItem      0x800'0fa1     0x6  Code  Gb  list.o [1]
vListInsert              0x800'0fa7    0x36  Code  Gb  list.o [1]
vPortEnableVFP           0x800'1619          Code  Gb  portasm.o [1]
vPortEnterCritical       0x800'1125    0x34  Code  Gb  port.o [1]
vPortExitCritical        0x800'1159    0x2c  Code  Gb  port.o [1]
vPortFree                0x800'0dcd    0x76  Code  Gb  heap_4.o [1]
vPortStartFirstTask      0x800'15f9          Code  Gb  portasm.o [1]
vQueueAddToRegistry      0x800'1a8b    0x5a  Code  Gb  queue.o [1]
vQueueWaitForMessageRestricted
                         0x800'1ae9    0x4c  Code  Gb  queue.o [1]
vTaskDelay               0x800'034f    0x4e  Code  Gb  tasks.o [1]
vTaskInternalSetTimeOutState
                         0x800'091d    0x12  Code  Gb  tasks.o [1]
vTaskMissedYield         0x800'09c1     0x8  Code  Gb  tasks.o [1]
vTaskPlaceOnEventList    0x800'0783    0x34  Code  Gb  tasks.o [1]
vTaskPlaceOnEventListRestricted
                         0x800'07c5    0x58  Code  Gb  tasks.o [1]
vTaskStartScheduler      0x800'039d    0x78  Code  Gb  tasks.o [1]
vTaskSuspendAll          0x800'0415     0xc  Code  Gb  tasks.o [1]
vTaskSwitchContext       0x800'0711    0x72  Code  Gb  tasks.o [1]
xActiveTimerList1       0x2000'9ce8    0x14  Data  Lc  timers.o [1]
xActiveTimerList2       0x2000'9cfc    0x14  Data  Lc  timers.o [1]
xDelay5ms                0x800'5744     0x4  Data  Gb  SysCfg.o [1]
xDelayedTaskList1       0x2000'9c84    0x14  Data  Lc  tasks.o [1]
xDelayedTaskList2       0x2000'9c98    0x14  Data  Lc  tasks.o [1]
xFreeBytesRemaining     0x2000'9d24     0x4  Data  Lc  heap_4.o [1]
xHeapStructSize          0x800'5740     0x4  Data  Lc  heap_4.o [1]
xIdleTaskHandle         0x2000'9d80     0x4  Data  Lc  tasks.o [1]
xMinimumEverFreeBytesRemaining
                        0x2000'9d28     0x4  Data  Lc  heap_4.o [1]
xNextTaskUnblockTime    0x2000'9d7c     0x4  Data  Lc  tasks.o [1]
xNumOfOverflows         0x2000'9d74     0x4  Data  Lc  tasks.o [1]
xNumberOfSuccessfulAllocations
                        0x2000'9d2c     0x4  Data  Lc  heap_4.o [1]
xNumberOfSuccessfulFrees
                        0x2000'9d30     0x4  Data  Lc  heap_4.o [1]
xPendedTicks            0x2000'9d6c     0x4  Data  Lc  tasks.o [1]
xPendingReadyList       0x2000'9cac    0x14  Data  Lc  tasks.o [1]
xPortStartScheduler      0x800'1057    0xce  Code  Gb  port.o [1]
xQueueGenericCreate      0x800'16ff    0x6c  Code  Gb  queue.o [1]
xQueueGenericReset       0x800'1635    0xca  Code  Gb  queue.o [1]
xQueueReceive            0x800'17a7   0x16a  Code  Gb  queue.o [1]
xQueueRegistry          0x2000'9c44    0x40  Data  Gb  queue.o [1]
xSchedulerRunning       0x2000'9d68     0x4  Data  Lc  tasks.o [1]
xStart                  0x2000'9d10     0x8  Data  Lc  heap_4.o [1]
xSuspendedTaskList      0x2000'9cd4    0x14  Data  Lc  tasks.o [1]
xTaskCheckForTimeOut     0x800'092f    0x92  Code  Gb  tasks.o [1]
xTaskCreate              0x800'0131    0x7e  Code  Gb  tasks.o [1]
xTaskGetSchedulerState   0x800'0ac1    0x20  Code  Gb  tasks.o [1]
xTaskGetTickCount        0x800'0563     0x8  Code  Gb  tasks.o [1]
xTaskIncrementTick       0x800'0589   0x188  Code  Gb  tasks.o [1]
xTaskPriorityDisinherit
                         0x800'0aed    0xc0  Code  Gb  tasks.o [1]
xTaskRemoveFromEventList
                         0x800'0825    0xf8  Code  Gb  tasks.o [1]
xTaskResumeAll           0x800'0421   0x142  Code  Gb  tasks.o [1]
xTasksWaitingTermination
                        0x2000'9cc0    0x14  Data  Lc  tasks.o [1]
xTickCount              0x2000'9d60     0x4  Data  Lc  tasks.o [1]
xTimerCreateTimerTask    0x800'1209    0x48  Code  Gb  timers.o [1]
xTimerQueue             0x2000'9d90     0x4  Data  Lc  timers.o [1]
xTimerTaskHandle        0x2000'9d94     0x4  Data  Lc  timers.o [1]
xYieldPending           0x2000'9d70     0x4  Data  Lc  tasks.o [1]


[1] = E:\AnyID\Git\FreeRtos_Stu\FreeRtos_Stu\Debug\Obj
[2] = dl7M_tln.a
[3] = m7M_tls.a
[4] = rt7M_tl.a
[5] = shb_l.a

  13'738 bytes of readonly  code memory
     238 bytes of readonly  data memory (+ 50 absolute)
  48'541 bytes of readwrite data memory

Errors: none
Warnings: none
